((7818705083913273825_contig_igh+igl:0.02030,(XnaiveX:0.00055,(8261745111577074408_contig_igh+igl:0.01306,(4111640727832529514_contig_igh+igl:0.00432,8695259348092490163_contig_igh+igl:0.00287)0.995:0.01311)0.868:0.00283)0.911:0.00287)0.945:0.00055,((7046661413725125308_contig_igh+igl:0.00431,(8067768604515369897_contig_igh+igl:0.00055,8716777648178712130_contig_igh+igl:0.00143)0.966:0.00577)0.769:0.00143,((9071650922873748319_contig_igh+igl:0.00287,(5189093119842684666_contig_igh+igl:0.00569,(3744964499522444241_contig_igh+igl:0.00288,2420204434822589551_contig_igh+igl:0.00287)0.986:0.00860)0.874:0.00055)0.978:0.00574,(3587729338447929356_contig_igh+igl:0.01602,(7485864413106578763_contig_igh+igl:0.00431,((3826262325080392732_contig_igh+igl:0.00432,8839404431690313149_contig_igh+igl:0.00287)0.928:0.00431,(2178837374217242336_contig_igh+igl:0.00143,2398837883579055343_contig_igh+igl:0.00055)0.907:0.00287)0.046:0.00055)0.961:0.00724)0.941:0.00576)0.355:0.00055)0.578:0.00055,(2130263928975123369_contig_igh+igl:0.00143,(4343867333112679360_contig_igh+igl:0.00141,0401499647058000270_contig_igh+igl:0.00055)1.000:0.01594)0.366:0.00055);
