((XnaiveX:0.0,303d4085a0_contig_igh+igk:0.0,3204353335_contig_igh+igk:0.0,5b1705b9e0_contig_igh+igk:0.0,b52be778dd_contig_igh+igk:0.0,bd6c895520_contig_igh+igk:0.0,ce9d7f7dbc_contig_igh+igk:0.0,e0a0ffec99_contig_igh+igk:0.0):0.00214,ec4e415d18-igh+25b6cfbefe-igk:0.00214);
