(((6159118465960692405_contig_igh+igk:0.01004,8255415063225051321_contig_igh+igk:0.00423)0.994:0.01150,((7584381940938124212_contig_igh+igk:0.00569,7715363410550896870_contig_igh+igk:0.00425)0.959:0.00569,(2021618783973269560_contig_igh+igk:0.00426,(6391745255377268763_contig_igh+igk:0.00283,6670949746170668450_contig_igh+igk:0.00426)0.874:0.00284)0.783:0.00141)0.791:0.00140)0.870:0.00259,(0805573270992698514_contig_igh+igk:0.00453,4776615853850251003_contig_igh+igk:0.00545)0.972:0.00857,(XnaiveX:0.00054,(3871462142879183424-igh+2097497626609349287-igk:0.02198,7254554360907468005-igh+1798171568696677612-igk:0.02706)0.984:0.01219)0.876:0.00055);
