(((6876791330767964627_contig_igh+igk:0.01184,(7668841143621032867_contig_igh+igk:0.00292,2319097646327678068_contig_igh+igk:0.00879)0.912:0.00437)0.989:0.01170,(4640490987599572049_contig_igh+igk:0.00882,(6345398724416192098_contig_igh+igk:0.00882,3051108486200089444_contig_igh+igk:0.00437)0.992:0.01036)0.770:0.00212)0.888:0.00383,(XnaiveX:0.00732,(6745046605438260627_contig_igh+igk:0.02541,(4900312939938037285_contig_igh+igk:0.02842,((2845720940754073620_contig_igh+igk:0.01774,4785910906179985572_contig_igh+igk:0.01467)0.989:0.00054,(6048823774239581715_contig_igh+igk:0.01007,(6644733530721277222_contig_igh+igk:0.01634,(6706809863954577537_contig_igh+igk:0.01135,4910942552254841958_contig_igh+igk:0.00839)0.945:0.00687)0.955:0.00055)0.997:0.00082)0.346:0.00179)0.929:0.00704)0.722:0.00135)0.804:0.00146,(((7032505510269083027_contig_igh+igk:0.01026,((3704075990351253881_contig_igh+igk:0.0,1514629818052783342_contig_igh+igk:0.0):0.00437,2411186140349022412_contig_igh+igk:0.00582)0.771:0.00145)0.790:0.00145,(0915011574929411170_contig_igh+igk:0.01466,(1069495341698496547_contig_igh+igk:0.00403,(4889514161922113055_contig_igh+igk:0.00730,(8104974444708468694_contig_igh+igk:0.00290,0061262755932579060_contig_igh+igk:0.00055)0.808:0.00145)0.773:0.00198)0.966:0.00702)0.859:0.00055)0.960:0.00436,(0635152905758611517_contig_igh+igk:0.01473,(2452404144692020598_contig_igh+igk:0.01163,(0093226988179906924_contig_igh+igk:0.01325,(6306886061961573316_contig_igh+igk:0.01032,3721816008095417030_contig_igh+igk:0.01779)0.780:0.00138)0.025:0.00055)0.978:0.00729)0.744:0.00143)0.041:0.00055);
