((XnaiveX:0.0,0033482953985804060_contig_igh+igk:0.0,0056362983030679170_contig_igh+igk:0.0,3332891513762134733_contig_igh+igk:0.0,4048830167646636597_contig_igh+igk:0.0,7900195018352700834_contig_igh+igk:0.0,8813569152107474525_contig_igh+igk:0.0,8981971708286128278_contig_igh+igk:0.0,3832013525093906930_contig_igh+igk:0.0,5466113140797501862_contig_igh+igk:0.0,6805937077440176215_contig_igh+igk:0.0,5852338261867493884_contig_igh+igk:0.0,6265308224300409198_contig_igh+igk:0.0,7332233745859530338-igh+7720944207401730279-igk:0.0,2723587734645273218_contig_igh+igk:0.0):0.00055,6182844226042757980_contig_igh+igk:0.00142,7720944207401730279-igh+7332233745859530338-igk:0.00572);
