(XnaiveX:0.03539,((4d37fe487e_contig_igh+igl:0.03090,7588f09c07_contig_igh+igl:0.01684)0.944:0.00920,(73b7148c7e_contig_igh+igl:0.02613,(9ed10b6475_contig_igh+igl:0.01367,aa25e6c0ce_contig_igh+igl:0.01346)0.915:0.00975)0.859:0.00575)0.975:0.01102,(3f337e6349_contig_igh+igl:0.02806,(c2272283dc_contig_igh+igl:0.03502,(08ffa9f078_contig_igh+igl:0.01162,(39e0ae6e64_contig_igh+igl:0.00874,f0a62c811f_contig_igh+igl:0.00437)0.905:0.00055)0.991:0.01585)0.970:0.01273)0.776:0.00356);
