((26c97f4004_contig_igh+igk:0.01030,(cec2fa39f4_contig_igh+igk:0.00055,8712a04c86_contig_igh+igk:0.00291)0.834:0.00294)0.889:0.00053,((ca71010784_contig_igh+igk:0.00293,(28ecc28d80_contig_igh+igk:0.00055,152c08bf7c_contig_igh+igk:0.00145)0.218:0.00055)0.959:0.00440,39735e53de_contig_igh+igk:0.00293)0.971:0.00055,((5ca050f96b_contig_igh+igk:0.00588,dee7437025_contig_igh+igk:0.00589)0.880:0.00293,XnaiveX:0.00055)0.000:0.00055);
