(XnaiveX:0.0,1367248816263354630_contig_igh+igl:0.0,2213131016226264621_contig_igh+igl:0.0,9153001617019967988_contig_igh+igl:0.0,3534112402370671666-igh+6540642653807253184-igl:0.0,3491746487107109516_contig_igh+igl:0.0,3851350323571247378_contig_igh+igl:0.0,8515427139903286296_contig_igh+igl:0.0,5022702397209422529_contig_igh+igl:0.0,3467439561689349222_contig_igh+igl:0.0,2850858559156933498_contig_igh+igl:0.0,1824626993753211968_contig_igh+igl:0.0,5009051298169388486_contig_igh+igl:0.0,4019557084661033429_contig_igh+igl:0.0);
