(XnaiveX:0.0,44a2d137f4_contig_igh+igk:0.0,f5646dcb99_contig_igh+igk:0.0,c33b5cf313_contig_igh+igk:0.0,450a2844e5_contig_igh+igk:0.0,6c21ff3dab_contig_igh+igk:0.0,6b514fff99_contig_igh+igk:0.0,bbb44c134e_contig_igh+igk:0.0,fc19f1dc35_contig_igh+igk:0.0,e4d95be552_contig_igh+igk:0.0);
