((1634066985887588950_contig_igh+igk:0.00285,5255033430964023824_contig_igh+igk:0.00141)0.643:0.00055,(2801944979963113962_contig_igh+igk:0.00141,(6262052391676574460_contig_igh+igk:0.00055,(1181690528959207288_contig_igh+igk:0.00141,2454518544273535595_contig_igh+igk:0.00143)0.122:0.00055)0.860:0.00141)0.906:0.00055,((8065676316938059547-igh+4815522839738366695-igk:0.01583,(3492568178748296573_contig_igh+igk:0.0,4025228959598981896_contig_igh+igk:0.0,5597120011826142724_contig_igh+igk:0.0):0.00142)0.917:0.00055,(XnaiveX:0.0,1238569800901685241_contig_igh+igk:0.0,2347881115869855579_contig_igh+igk:0.0,2100829307677066697_contig_igh+igk:0.0,3008196126498151547_contig_igh+igk:0.0,8641703594711961936_contig_igh+igk:0.0,2571812408704059096_contig_igh+igk:0.0):0.00055)1.000:0.00055);
