((XnaiveX:0.0,8914433970648843151_contig_igh+igk:0.0,4523086687660472215_contig_igh+igk:0.0,6823703535300105961_contig_igh+igk:0.0,7130919680731245093_contig_igh+igk:0.0,6945494824644493725_contig_igh+igk:0.0,1203107908624746468_contig_igh+igk:0.0,1461122263270327767_contig_igh+igk:0.0,1143452071457066048_contig_igh+igk:0.0,7647129031959824413_contig_igh+igk:0.0,5039202285255278935_contig_igh+igk:0.0,8618466487361197839_contig_igh+igk:0.0,5899049733785036092_contig_igh+igk:0.0,8100630872905721129_contig_igh+igk:0.0):0.00148,2109520115720212689-igh+3609691689420195410-igk:0.00148);
