(XnaiveX:0.0,6949681420241980734_contig_igh+igk:0.0,2161852663242645077_contig_igh+igk:0.0,8800982281429777817_contig_igh+igk:0.0,0660834887575972608_contig_igh+igk:0.0,5166396785437299876_contig_igh+igk:0.0,3571714580319434900_contig_igh+igk:0.0,8404577688496819834_contig_igh+igk:0.0,0984264738906568234_contig_igh+igk:0.0,8476238286560845555_contig_igh+igk:0.0,5859395925852007607_contig_igh+igk:0.0,5019192291428544931_contig_igh+igk:0.0,6381227264078530579_contig_igh+igk:0.0,1101810368081291042_contig_igh+igk:0.0);
